
Information: Checking generated_clocks...

Information: Checking loops...

Information: Checking no_input_delay...

Information: Checking unconstrained_endpoints...

Information: Checking pulse_clock_cell_type...

Information: Checking no_driving_cell...

Information: Checking partial_input_delay...
Warning: there are 539 input ports that only have partial input delay specified. (TIM-212)
--------------------
io_aresetn
io_axi_slave_write_addr_valid
io_axi_slave_write_addr_bits_addr[31]
io_axi_slave_write_addr_bits_addr[30]
io_axi_slave_write_addr_bits_addr[29]
io_axi_slave_write_addr_bits_addr[28]
io_axi_slave_write_addr_bits_addr[27]
io_axi_slave_write_addr_bits_addr[26]
io_axi_slave_write_addr_bits_addr[25]
io_axi_slave_write_addr_bits_addr[24]
io_axi_slave_write_addr_bits_addr[23]
io_axi_slave_write_addr_bits_addr[22]
io_axi_slave_write_addr_bits_addr[21]
io_axi_slave_write_addr_bits_addr[20]
io_axi_slave_write_addr_bits_addr[19]
io_axi_slave_write_addr_bits_addr[18]
io_axi_slave_write_addr_bits_addr[17]
io_axi_slave_write_addr_bits_addr[16]
io_axi_slave_write_addr_bits_addr[15]
io_axi_slave_write_addr_bits_addr[14]
io_axi_slave_write_addr_bits_addr[13]
io_axi_slave_write_addr_bits_addr[12]
io_axi_slave_write_addr_bits_addr[11]
io_axi_slave_write_addr_bits_addr[10]
io_axi_slave_write_addr_bits_addr[9]
io_axi_slave_write_addr_bits_addr[8]
io_axi_slave_write_addr_bits_addr[7]
io_axi_slave_write_addr_bits_addr[6]
io_axi_slave_write_addr_bits_addr[5]
io_axi_slave_write_addr_bits_addr[4]
io_axi_slave_write_addr_bits_addr[3]
io_axi_slave_write_addr_bits_addr[2]
io_axi_slave_write_addr_bits_addr[1]
io_axi_slave_write_addr_bits_addr[0]
io_axi_slave_write_addr_bits_prot[2]
io_axi_slave_write_addr_bits_prot[1]
io_axi_slave_write_addr_bits_prot[0]
io_axi_slave_write_addr_bits_id[5]
io_axi_slave_write_addr_bits_id[4]
io_axi_slave_write_addr_bits_id[3]
io_axi_slave_write_addr_bits_id[2]
io_axi_slave_write_addr_bits_id[1]
io_axi_slave_write_addr_bits_id[0]
io_axi_slave_write_addr_bits_len[7]
io_axi_slave_write_addr_bits_len[6]
io_axi_slave_write_addr_bits_len[5]
io_axi_slave_write_addr_bits_len[4]
io_axi_slave_write_addr_bits_len[3]
io_axi_slave_write_addr_bits_len[2]
io_axi_slave_write_addr_bits_len[1]
io_axi_slave_write_addr_bits_len[0]
io_axi_slave_write_addr_bits_size[2]
io_axi_slave_write_addr_bits_size[1]
io_axi_slave_write_addr_bits_size[0]
io_axi_slave_write_addr_bits_burst[1]
io_axi_slave_write_addr_bits_burst[0]
io_axi_slave_write_addr_bits_lock
io_axi_slave_write_addr_bits_cache[3]
io_axi_slave_write_addr_bits_cache[2]
io_axi_slave_write_addr_bits_cache[1]
io_axi_slave_write_addr_bits_cache[0]
io_axi_slave_write_addr_bits_qos[3]
io_axi_slave_write_addr_bits_qos[2]
io_axi_slave_write_addr_bits_qos[1]
io_axi_slave_write_addr_bits_qos[0]
io_axi_slave_write_addr_bits_region[3]
io_axi_slave_write_addr_bits_region[2]
io_axi_slave_write_addr_bits_region[1]
io_axi_slave_write_addr_bits_region[0]
io_axi_slave_write_data_valid
io_axi_slave_write_data_bits_data[127]
io_axi_slave_write_data_bits_data[126]
io_axi_slave_write_data_bits_data[125]
io_axi_slave_write_data_bits_data[124]
io_axi_slave_write_data_bits_data[123]
io_axi_slave_write_data_bits_data[122]
io_axi_slave_write_data_bits_data[121]
io_axi_slave_write_data_bits_data[120]
io_axi_slave_write_data_bits_data[119]
io_axi_slave_write_data_bits_data[118]
io_axi_slave_write_data_bits_data[117]
io_axi_slave_write_data_bits_data[116]
io_axi_slave_write_data_bits_data[115]
io_axi_slave_write_data_bits_data[114]
io_axi_slave_write_data_bits_data[113]
io_axi_slave_write_data_bits_data[112]
io_axi_slave_write_data_bits_data[111]
io_axi_slave_write_data_bits_data[110]
io_axi_slave_write_data_bits_data[109]
io_axi_slave_write_data_bits_data[108]
io_axi_slave_write_data_bits_data[107]
io_axi_slave_write_data_bits_data[106]
io_axi_slave_write_data_bits_data[105]
io_axi_slave_write_data_bits_data[104]
io_axi_slave_write_data_bits_data[103]
io_axi_slave_write_data_bits_data[102]
io_axi_slave_write_data_bits_data[101]
io_axi_slave_write_data_bits_data[100]
io_axi_slave_write_data_bits_data[99]
io_axi_slave_write_data_bits_data[98]
io_axi_slave_write_data_bits_data[97]
io_axi_slave_write_data_bits_data[96]
io_axi_slave_write_data_bits_data[95]
io_axi_slave_write_data_bits_data[94]
io_axi_slave_write_data_bits_data[93]
io_axi_slave_write_data_bits_data[92]
io_axi_slave_write_data_bits_data[91]
io_axi_slave_write_data_bits_data[90]
io_axi_slave_write_data_bits_data[89]
io_axi_slave_write_data_bits_data[88]
io_axi_slave_write_data_bits_data[87]
io_axi_slave_write_data_bits_data[86]
io_axi_slave_write_data_bits_data[85]
io_axi_slave_write_data_bits_data[84]
io_axi_slave_write_data_bits_data[83]
io_axi_slave_write_data_bits_data[82]
io_axi_slave_write_data_bits_data[81]
io_axi_slave_write_data_bits_data[80]
io_axi_slave_write_data_bits_data[79]
io_axi_slave_write_data_bits_data[78]
io_axi_slave_write_data_bits_data[77]
io_axi_slave_write_data_bits_data[76]
io_axi_slave_write_data_bits_data[75]
io_axi_slave_write_data_bits_data[74]
io_axi_slave_write_data_bits_data[73]
io_axi_slave_write_data_bits_data[72]
io_axi_slave_write_data_bits_data[71]
io_axi_slave_write_data_bits_data[70]
io_axi_slave_write_data_bits_data[69]
io_axi_slave_write_data_bits_data[68]
io_axi_slave_write_data_bits_data[67]
io_axi_slave_write_data_bits_data[66]
io_axi_slave_write_data_bits_data[65]
io_axi_slave_write_data_bits_data[64]
io_axi_slave_write_data_bits_data[63]
io_axi_slave_write_data_bits_data[62]
io_axi_slave_write_data_bits_data[61]
io_axi_slave_write_data_bits_data[60]
io_axi_slave_write_data_bits_data[59]
io_axi_slave_write_data_bits_data[58]
io_axi_slave_write_data_bits_data[57]
io_axi_slave_write_data_bits_data[56]
io_axi_slave_write_data_bits_data[55]
io_axi_slave_write_data_bits_data[54]
io_axi_slave_write_data_bits_data[53]
io_axi_slave_write_data_bits_data[52]
io_axi_slave_write_data_bits_data[51]
io_axi_slave_write_data_bits_data[50]
io_axi_slave_write_data_bits_data[49]
io_axi_slave_write_data_bits_data[48]
io_axi_slave_write_data_bits_data[47]
io_axi_slave_write_data_bits_data[46]
io_axi_slave_write_data_bits_data[45]
io_axi_slave_write_data_bits_data[44]
io_axi_slave_write_data_bits_data[43]
io_axi_slave_write_data_bits_data[42]
io_axi_slave_write_data_bits_data[41]
io_axi_slave_write_data_bits_data[40]
io_axi_slave_write_data_bits_data[39]
io_axi_slave_write_data_bits_data[38]
io_axi_slave_write_data_bits_data[37]
io_axi_slave_write_data_bits_data[36]
io_axi_slave_write_data_bits_data[35]
io_axi_slave_write_data_bits_data[34]
io_axi_slave_write_data_bits_data[33]
io_axi_slave_write_data_bits_data[32]
io_axi_slave_write_data_bits_data[31]
io_axi_slave_write_data_bits_data[30]
io_axi_slave_write_data_bits_data[29]
io_axi_slave_write_data_bits_data[28]
io_axi_slave_write_data_bits_data[27]
io_axi_slave_write_data_bits_data[26]
io_axi_slave_write_data_bits_data[25]
io_axi_slave_write_data_bits_data[24]
io_axi_slave_write_data_bits_data[23]
io_axi_slave_write_data_bits_data[22]
io_axi_slave_write_data_bits_data[21]
io_axi_slave_write_data_bits_data[20]
io_axi_slave_write_data_bits_data[19]
io_axi_slave_write_data_bits_data[18]
io_axi_slave_write_data_bits_data[17]
io_axi_slave_write_data_bits_data[16]
io_axi_slave_write_data_bits_data[15]
io_axi_slave_write_data_bits_data[14]
io_axi_slave_write_data_bits_data[13]
io_axi_slave_write_data_bits_data[12]
io_axi_slave_write_data_bits_data[11]
io_axi_slave_write_data_bits_data[10]
io_axi_slave_write_data_bits_data[9]
io_axi_slave_write_data_bits_data[8]
io_axi_slave_write_data_bits_data[7]
io_axi_slave_write_data_bits_data[6]
io_axi_slave_write_data_bits_data[5]
io_axi_slave_write_data_bits_data[4]
io_axi_slave_write_data_bits_data[3]
io_axi_slave_write_data_bits_data[2]
io_axi_slave_write_data_bits_data[1]
io_axi_slave_write_data_bits_data[0]
io_axi_slave_write_data_bits_last
io_axi_slave_write_data_bits_strb[15]
io_axi_slave_write_data_bits_strb[14]
io_axi_slave_write_data_bits_strb[13]
io_axi_slave_write_data_bits_strb[12]
io_axi_slave_write_data_bits_strb[11]
io_axi_slave_write_data_bits_strb[10]
io_axi_slave_write_data_bits_strb[9]
io_axi_slave_write_data_bits_strb[8]
io_axi_slave_write_data_bits_strb[7]
io_axi_slave_write_data_bits_strb[6]
io_axi_slave_write_data_bits_strb[5]
io_axi_slave_write_data_bits_strb[4]
io_axi_slave_write_data_bits_strb[3]
io_axi_slave_write_data_bits_strb[2]
io_axi_slave_write_data_bits_strb[1]
io_axi_slave_write_data_bits_strb[0]
io_axi_slave_write_resp_ready
io_axi_slave_read_addr_valid
io_axi_slave_read_addr_bits_addr[31]
io_axi_slave_read_addr_bits_addr[30]
io_axi_slave_read_addr_bits_addr[29]
io_axi_slave_read_addr_bits_addr[28]
io_axi_slave_read_addr_bits_addr[27]
io_axi_slave_read_addr_bits_addr[26]
io_axi_slave_read_addr_bits_addr[25]
io_axi_slave_read_addr_bits_addr[24]
io_axi_slave_read_addr_bits_addr[23]
io_axi_slave_read_addr_bits_addr[22]
io_axi_slave_read_addr_bits_addr[21]
io_axi_slave_read_addr_bits_addr[20]
io_axi_slave_read_addr_bits_addr[19]
io_axi_slave_read_addr_bits_addr[18]
io_axi_slave_read_addr_bits_addr[17]
io_axi_slave_read_addr_bits_addr[16]
io_axi_slave_read_addr_bits_addr[15]
io_axi_slave_read_addr_bits_addr[14]
io_axi_slave_read_addr_bits_addr[13]
io_axi_slave_read_addr_bits_addr[12]
io_axi_slave_read_addr_bits_addr[11]
io_axi_slave_read_addr_bits_addr[10]
io_axi_slave_read_addr_bits_addr[9]
io_axi_slave_read_addr_bits_addr[8]
io_axi_slave_read_addr_bits_addr[7]
io_axi_slave_read_addr_bits_addr[6]
io_axi_slave_read_addr_bits_addr[5]
io_axi_slave_read_addr_bits_addr[4]
io_axi_slave_read_addr_bits_addr[3]
io_axi_slave_read_addr_bits_addr[2]
io_axi_slave_read_addr_bits_addr[1]
io_axi_slave_read_addr_bits_addr[0]
io_axi_slave_read_addr_bits_prot[2]
io_axi_slave_read_addr_bits_prot[1]
io_axi_slave_read_addr_bits_prot[0]
io_axi_slave_read_addr_bits_id[5]
io_axi_slave_read_addr_bits_id[4]
io_axi_slave_read_addr_bits_id[3]
io_axi_slave_read_addr_bits_id[2]
io_axi_slave_read_addr_bits_id[1]
io_axi_slave_read_addr_bits_id[0]
io_axi_slave_read_addr_bits_len[7]
io_axi_slave_read_addr_bits_len[6]
io_axi_slave_read_addr_bits_len[5]
io_axi_slave_read_addr_bits_len[4]
io_axi_slave_read_addr_bits_len[3]
io_axi_slave_read_addr_bits_len[2]
io_axi_slave_read_addr_bits_len[1]
io_axi_slave_read_addr_bits_len[0]
io_axi_slave_read_addr_bits_size[2]
io_axi_slave_read_addr_bits_size[1]
io_axi_slave_read_addr_bits_size[0]
io_axi_slave_read_addr_bits_burst[1]
io_axi_slave_read_addr_bits_burst[0]
io_axi_slave_read_addr_bits_lock
io_axi_slave_read_addr_bits_cache[3]
io_axi_slave_read_addr_bits_cache[2]
io_axi_slave_read_addr_bits_cache[1]
io_axi_slave_read_addr_bits_cache[0]
io_axi_slave_read_addr_bits_qos[3]
io_axi_slave_read_addr_bits_qos[2]
io_axi_slave_read_addr_bits_qos[1]
io_axi_slave_read_addr_bits_qos[0]
io_axi_slave_read_addr_bits_region[3]
io_axi_slave_read_addr_bits_region[2]
io_axi_slave_read_addr_bits_region[1]
io_axi_slave_read_addr_bits_region[0]
io_axi_slave_read_data_ready
io_axi_master_write_addr_ready
io_axi_master_write_data_ready
io_axi_master_write_resp_valid
io_axi_master_write_resp_bits_id[5]
io_axi_master_write_resp_bits_id[4]
io_axi_master_write_resp_bits_id[3]
io_axi_master_write_resp_bits_id[2]
io_axi_master_write_resp_bits_id[1]
io_axi_master_write_resp_bits_id[0]
io_axi_master_write_resp_bits_resp[1]
io_axi_master_write_resp_bits_resp[0]
io_axi_master_read_addr_ready
io_axi_master_read_data_valid
io_axi_master_read_data_bits_data[127]
io_axi_master_read_data_bits_data[126]
io_axi_master_read_data_bits_data[125]
io_axi_master_read_data_bits_data[124]
io_axi_master_read_data_bits_data[123]
io_axi_master_read_data_bits_data[122]
io_axi_master_read_data_bits_data[121]
io_axi_master_read_data_bits_data[120]
io_axi_master_read_data_bits_data[119]
io_axi_master_read_data_bits_data[118]
io_axi_master_read_data_bits_data[117]
io_axi_master_read_data_bits_data[116]
io_axi_master_read_data_bits_data[115]
io_axi_master_read_data_bits_data[114]
io_axi_master_read_data_bits_data[113]
io_axi_master_read_data_bits_data[112]
io_axi_master_read_data_bits_data[111]
io_axi_master_read_data_bits_data[110]
io_axi_master_read_data_bits_data[109]
io_axi_master_read_data_bits_data[108]
io_axi_master_read_data_bits_data[107]
io_axi_master_read_data_bits_data[106]
io_axi_master_read_data_bits_data[105]
io_axi_master_read_data_bits_data[104]
io_axi_master_read_data_bits_data[103]
io_axi_master_read_data_bits_data[102]
io_axi_master_read_data_bits_data[101]
io_axi_master_read_data_bits_data[100]
io_axi_master_read_data_bits_data[99]
io_axi_master_read_data_bits_data[98]
io_axi_master_read_data_bits_data[97]
io_axi_master_read_data_bits_data[96]
io_axi_master_read_data_bits_data[95]
io_axi_master_read_data_bits_data[94]
io_axi_master_read_data_bits_data[93]
io_axi_master_read_data_bits_data[92]
io_axi_master_read_data_bits_data[91]
io_axi_master_read_data_bits_data[90]
io_axi_master_read_data_bits_data[89]
io_axi_master_read_data_bits_data[88]
io_axi_master_read_data_bits_data[87]
io_axi_master_read_data_bits_data[86]
io_axi_master_read_data_bits_data[85]
io_axi_master_read_data_bits_data[84]
io_axi_master_read_data_bits_data[83]
io_axi_master_read_data_bits_data[82]
io_axi_master_read_data_bits_data[81]
io_axi_master_read_data_bits_data[80]
io_axi_master_read_data_bits_data[79]
io_axi_master_read_data_bits_data[78]
io_axi_master_read_data_bits_data[77]
io_axi_master_read_data_bits_data[76]
io_axi_master_read_data_bits_data[75]
io_axi_master_read_data_bits_data[74]
io_axi_master_read_data_bits_data[73]
io_axi_master_read_data_bits_data[72]
io_axi_master_read_data_bits_data[71]
io_axi_master_read_data_bits_data[70]
io_axi_master_read_data_bits_data[69]
io_axi_master_read_data_bits_data[68]
io_axi_master_read_data_bits_data[67]
io_axi_master_read_data_bits_data[66]
io_axi_master_read_data_bits_data[65]
io_axi_master_read_data_bits_data[64]
io_axi_master_read_data_bits_data[63]
io_axi_master_read_data_bits_data[62]
io_axi_master_read_data_bits_data[61]
io_axi_master_read_data_bits_data[60]
io_axi_master_read_data_bits_data[59]
io_axi_master_read_data_bits_data[58]
io_axi_master_read_data_bits_data[57]
io_axi_master_read_data_bits_data[56]
io_axi_master_read_data_bits_data[55]
io_axi_master_read_data_bits_data[54]
io_axi_master_read_data_bits_data[53]
io_axi_master_read_data_bits_data[52]
io_axi_master_read_data_bits_data[51]
io_axi_master_read_data_bits_data[50]
io_axi_master_read_data_bits_data[49]
io_axi_master_read_data_bits_data[48]
io_axi_master_read_data_bits_data[47]
io_axi_master_read_data_bits_data[46]
io_axi_master_read_data_bits_data[45]
io_axi_master_read_data_bits_data[44]
io_axi_master_read_data_bits_data[43]
io_axi_master_read_data_bits_data[42]
io_axi_master_read_data_bits_data[41]
io_axi_master_read_data_bits_data[40]
io_axi_master_read_data_bits_data[39]
io_axi_master_read_data_bits_data[38]
io_axi_master_read_data_bits_data[37]
io_axi_master_read_data_bits_data[36]
io_axi_master_read_data_bits_data[35]
io_axi_master_read_data_bits_data[34]
io_axi_master_read_data_bits_data[33]
io_axi_master_read_data_bits_data[32]
io_axi_master_read_data_bits_data[31]
io_axi_master_read_data_bits_data[30]
io_axi_master_read_data_bits_data[29]
io_axi_master_read_data_bits_data[28]
io_axi_master_read_data_bits_data[27]
io_axi_master_read_data_bits_data[26]
io_axi_master_read_data_bits_data[25]
io_axi_master_read_data_bits_data[24]
io_axi_master_read_data_bits_data[23]
io_axi_master_read_data_bits_data[22]
io_axi_master_read_data_bits_data[21]
io_axi_master_read_data_bits_data[20]
io_axi_master_read_data_bits_data[19]
io_axi_master_read_data_bits_data[18]
io_axi_master_read_data_bits_data[17]
io_axi_master_read_data_bits_data[16]
io_axi_master_read_data_bits_data[15]
io_axi_master_read_data_bits_data[14]
io_axi_master_read_data_bits_data[13]
io_axi_master_read_data_bits_data[12]
io_axi_master_read_data_bits_data[11]
io_axi_master_read_data_bits_data[10]
io_axi_master_read_data_bits_data[9]
io_axi_master_read_data_bits_data[8]
io_axi_master_read_data_bits_data[7]
io_axi_master_read_data_bits_data[6]
io_axi_master_read_data_bits_data[5]
io_axi_master_read_data_bits_data[4]
io_axi_master_read_data_bits_data[3]
io_axi_master_read_data_bits_data[2]
io_axi_master_read_data_bits_data[1]
io_axi_master_read_data_bits_data[0]
io_axi_master_read_data_bits_id[5]
io_axi_master_read_data_bits_id[4]
io_axi_master_read_data_bits_id[3]
io_axi_master_read_data_bits_id[2]
io_axi_master_read_data_bits_id[1]
io_axi_master_read_data_bits_id[0]
io_axi_master_read_data_bits_resp[1]
io_axi_master_read_data_bits_resp[0]
io_axi_master_read_data_bits_last
io_irq
io_boot_addr[31]
io_boot_addr[30]
io_boot_addr[29]
io_boot_addr[28]
io_boot_addr[27]
io_boot_addr[26]
io_boot_addr[25]
io_boot_addr[24]
io_boot_addr[23]
io_boot_addr[22]
io_boot_addr[21]
io_boot_addr[20]
io_boot_addr[19]
io_boot_addr[18]
io_boot_addr[17]
io_boot_addr[16]
io_boot_addr[15]
io_boot_addr[14]
io_boot_addr[13]
io_boot_addr[12]
io_boot_addr[11]
io_boot_addr[10]
io_boot_addr[9]
io_boot_addr[8]
io_boot_addr[7]
io_boot_addr[6]
io_boot_addr[5]
io_boot_addr[4]
io_boot_addr[3]
io_boot_addr[2]
io_boot_addr[1]
io_boot_addr[0]
io_timer_irq
io_software_irq
io_dm_req_valid
io_dm_req_bits_address[31]
io_dm_req_bits_address[30]
io_dm_req_bits_address[29]
io_dm_req_bits_address[28]
io_dm_req_bits_address[27]
io_dm_req_bits_address[26]
io_dm_req_bits_address[25]
io_dm_req_bits_address[24]
io_dm_req_bits_address[23]
io_dm_req_bits_address[22]
io_dm_req_bits_address[21]
io_dm_req_bits_address[20]
io_dm_req_bits_address[19]
io_dm_req_bits_address[18]
io_dm_req_bits_address[17]
io_dm_req_bits_address[16]
io_dm_req_bits_address[15]
io_dm_req_bits_address[14]
io_dm_req_bits_address[13]
io_dm_req_bits_address[12]
io_dm_req_bits_address[11]
io_dm_req_bits_address[10]
io_dm_req_bits_address[9]
io_dm_req_bits_address[8]
io_dm_req_bits_address[7]
io_dm_req_bits_address[6]
io_dm_req_bits_address[5]
io_dm_req_bits_address[4]
io_dm_req_bits_address[3]
io_dm_req_bits_address[2]
io_dm_req_bits_address[1]
io_dm_req_bits_address[0]
io_dm_req_bits_data[31]
io_dm_req_bits_data[30]
io_dm_req_bits_data[29]
io_dm_req_bits_data[28]
io_dm_req_bits_data[27]
io_dm_req_bits_data[26]
io_dm_req_bits_data[25]
io_dm_req_bits_data[24]
io_dm_req_bits_data[23]
io_dm_req_bits_data[22]
io_dm_req_bits_data[21]
io_dm_req_bits_data[20]
io_dm_req_bits_data[19]
io_dm_req_bits_data[18]
io_dm_req_bits_data[17]
io_dm_req_bits_data[16]
io_dm_req_bits_data[15]
io_dm_req_bits_data[14]
io_dm_req_bits_data[13]
io_dm_req_bits_data[12]
io_dm_req_bits_data[11]
io_dm_req_bits_data[10]
io_dm_req_bits_data[9]
io_dm_req_bits_data[8]
io_dm_req_bits_data[7]
io_dm_req_bits_data[6]
io_dm_req_bits_data[5]
io_dm_req_bits_data[4]
io_dm_req_bits_data[3]
io_dm_req_bits_data[2]
io_dm_req_bits_data[1]
io_dm_req_bits_data[0]
io_dm_req_bits_op[1]
io_dm_req_bits_op[0]
io_dm_rsp_ready
io_te
1
