 
****************************************
Report : clock_gating
Design : RvvCoreMiniHighmemAxi
Version: T-2022.03-SP2
Date   : Sat Apr 18 10:50:43 2026
****************************************



                             Clock Gating Summary
          ------------------------------------------------------------
          |    Number of Clock gating elements    |        2         |
          |                                       |                  |
          |    Number of Gated registers          | 58225 (99.99%)   |
          |                                       |                  |
          |    Number of Ungated registers        |     4 (0.01%)    |
          |                                       |                  |
          |    Total number of registers          |    58229         |
          ------------------------------------------------------------



                             Clock Gating Report by Origin
          +-------------------------------------------------+------------------+
          |                                                 |    Actual (%)    |
          |                                                 |    Count         |
          +-------------------------------------------------+------------------+
          |  Number of tool-inserted clock gating elements  |     0 (0.00%)    |
          |                                                 |                  |
          |  Number of pre-existing clock gating elements   |     2 (100.00%)  |
          |                                                 |                  |
          |  Number of gated registers                      | 58225 (99.99%)   |
          |                                                 |                  |
          |  Number of tool-inserted gated registers        |     0 (0.00%)    |
          |                                                 |                  |
          |  Number of pre-existing gated registers         | 58225 (99.99%)   |
          |                                                 |                  |
          |  Number of ungated registers                    |     4 (0.01%)    |
          |                                                 |                  |
          |  Number of registers                            |    58229         |
          +-------------------------------------------------+------------------+



1
