 
****************************************
Report : threshold voltage group
Design : RvvCoreMiniHighmemAxi
Version: T-2022.03-SP2
Date   : Sat Apr 18 10:51:22 2026
****************************************

********************************************************************************
                        Threshold Voltage Group Report                         

Vth Group                All                Blackbox           Non-blackbox
Name                    cells                cells                cells
********************************************************************************
BWP_LVT            711802  (99.99%)          2   (3.03%)     711800 (100.00%)   
undefined              64   (0.01%)         64  (96.97%)          0   (0.00%)   
********************************************************************************
Total              711866 (100.00%)         66 (100.00%)     711800 (100.00%)   

Vth Group                All                Blackbox           Non-blackbox
Name                  cell area            cell area            cell area
********************************************************************************
BWP_LVT         513242.22  (12.16%)       7.06   (0.00%)  513235.16 (100.00%)   
undefined      3707728.50  (87.84%) 3707728.50 (100.00%)       0.00   (0.00%)   
********************************************************************************
Total          4220970.72 (100.00%) 3707735.56 (100.00%)  513235.16 (100.00%)   
1
