 
****************************************
Report : qor
Design : RvvCoreMiniHighmemAxi
Version: T-2022.03-SP2
Date   : Sat Apr 18 10:47:38 2026
****************************************


  Timing Path Group 'GCLK'
  -----------------------------------
  Levels of Logic:             59.000
  Critical Path Length:         1.770
  Critical Path Slack:          0.000
  Critical Path Clk Period:     2.000
  Total Negative Slack:         0.000
  No. of Violating Paths:       0.000
  Worst Hold Violation:        -0.145
  Total Hold Violation:     -5435.717
  No. of Hold Violations:   66033.000
  -----------------------------------

  Timing Path Group 'COMBO'
  -----------------------------------
  Levels of Logic:              3.000
  Critical Path Length:         0.091
  Critical Path Slack:          0.709
  Critical Path Clk Period:     2.000
  Total Negative Slack:         0.000
  No. of Violating Paths:       0.000
  Worst Hold Violation:         0.000
  Total Hold Violation:         0.000
  No. of Hold Violations:       0.000
  -----------------------------------

  Timing Path Group 'INPUTS'
  -----------------------------------
  Levels of Logic:             19.000
  Critical Path Length:         1.308
  Critical Path Slack:          0.004
  Critical Path Clk Period:     2.000
  Total Negative Slack:         0.000
  No. of Violating Paths:       0.000
  Worst Hold Violation:         0.000
  Total Hold Violation:         0.000
  No. of Hold Violations:       0.000
  -----------------------------------

  Timing Path Group 'OUTPUTS'
  -----------------------------------
  Levels of Logic:             68.000
  Critical Path Length:         1.443
  Critical Path Slack:         -0.143
  Critical Path Clk Period:     2.000
  Total Negative Slack:       -48.865
  No. of Violating Paths:     483.000
  Worst Hold Violation:         0.000
  Total Hold Violation:         0.000
  No. of Hold Violations:       0.000
  -----------------------------------


  Cell Count
  -----------------------------------
  Hierarchical Cell Count:       1746
  Hierarchical Port Count:     275023
  Leaf Cell Count:             711866
  Buf/Inv Cell Count:          107861
  Buf Cell Count:               17484
  Inv Cell Count:               90377
  CT Buf/Inv Cell Count:           53
  Combinational Cell Count:    653571
  Sequential Cell Count:        58295
  Macro Count:                     64
  -----------------------------------


  Area
  -----------------------------------
  Combinational Area:      381098.213
  Noncombinational Area:   132144.006
  Buf/Inv Area:             30875.166
  Total Buffer Area:         7218.540
  Total Inverter Area:      23656.626
  Macro/Black Box Area:   3707728.500
  Net Area:                     0.000
  -----------------------------------
  Cell Area:              4220970.719
  Design Area:            4220970.719


  Design Rules
  -----------------------------------
  Total Number of Nets:        759371
  Nets With Violations:             1
  Max Trans Violations:             0
  Max Cap Violations:               1
  -----------------------------------


  Hostname: t7920

  Compile CPU Statistics
  -----------------------------------------
  Resource Sharing:                1006.516
  Logic Optimization:              8968.820
  Mapping Optimization:            36926.906
  -----------------------------------------
  Overall Compile Time:            72222.500
  Overall Compile Wall Clock Time: 17208.729

  --------------------------------------------------------------------

  Design  WNS: 0.143  TNS: 48.865  Number of Violating Paths: 483


  Design (Hold)  WNS: 0.145  TNS: 5435.717  Number of Violating Paths: 66033

  --------------------------------------------------------------------


1
